[      45ms] [ERROR] TypeError: Failed to fetch
    at window.fetch (http://localhost:3000/:377:23)
    at rd (https://www.googletagmanager.com/gtag/js?id=G-QVC5HWYFGL:233:391)
    at Ll (https://www.googletagmanager.com/gtag/js?id=G-QVC5HWYFGL:386:1035)
    at xQ (https://www.googletagmanager.com/gtag/js?id=G-QVC5HWYFGL:898:108)
    at zQ (https://www.googletagmanager.com/gtag/js?id=G-QVC5HWYFGL:898:436)
    at FQ.flush (https://www.googletagmanager.com/gtag/js?id=G-QVC5HWYFGL:906:403)
    at k.flush (https://www.googletagmanager.com/gtag/js?id=G-QVC5HWYFGL:925:478)
    at DP.T (https://www.googletagmanager.com/gtag/js?id=G-QVC5HWYFGL:928:182)
    at https://www.googletagmanager.com/gtag/js?id=G-QVC5HWYFGL:872:126
    at https://www.googletagmanager.com/gtag/js?id=G-QVC5HWYFGL:871:417 @ http://localhost:3000/:343
[      63ms] [ERROR] Failed to load resource: net::ERR_CONNECTION_REFUSED @ https://chimpstatic.com/mcjs-connected/js/users/6a56fdf5ad057aa9d119505c9/d27ea7b9fcc7366b3dbd77b8a.js:0
[      79ms] [INFO] %cDownload the React DevTools for a better development experience: https://reactjs.org/link/react-devtools font-weight:bold @ http://localhost:3000/node_modules/.vite/deps/chunk-G52XTN3B.js?v=5fba2d5d:21579
[     104ms] [WARNING] ⚠️ React Router Future Flag Warning: React Router will begin wrapping state updates in `React.startTransition` in v7. You can use the `v7_startTransition` future flag to opt-in early. For more information, see https://reactrouter.com/v6/upgrading/future#v7_starttransition. @ http://localhost:3000/node_modules/.vite/deps/react-router-dom.js?v=5fba2d5d:4451
[     104ms] [WARNING] ⚠️ React Router Future Flag Warning: Relative route resolution within Splat routes is changing in v7. You can use the `v7_relativeSplatPath` future flag to opt-in early. For more information, see https://reactrouter.com/v6/upgrading/future#v7_relativesplatpath. @ http://localhost:3000/node_modules/.vite/deps/react-router-dom.js?v=5fba2d5d:4451
[    5121ms] [ERROR] Fetch error from :  @ http://localhost:3000/:343
[    8396ms] [LOG] %cai-color-palette%c Cyan gradient background color: oklch(84% 0.19 80.46); font-weight: bold color: inherit JSHandle@node @ http://localhost:8400/detect.js?token=e63fafdd-09d8-42ff-89a0-824dd4116c21:4410
[    8396ms] [LOG] %cai-color-palette%c Cyan gradient background color: oklch(84% 0.19 80.46); font-weight: bold color: inherit JSHandle@node @ http://localhost:8400/detect.js?token=e63fafdd-09d8-42ff-89a0-824dd4116c21:4410
[    8396ms] [LOG] %call-caps-body%c text-transform: uppercase on 45 chars of body text color: oklch(84% 0.19 80.46); font-weight: bold color: inherit JSHandle@node @ http://localhost:8400/detect.js?token=e63fafdd-09d8-42ff-89a0-824dd4116c21:4410
[    8396ms] [LOG] %chero-eyebrow-chip%c eyebrow chip (accent-bold) "Write it Right Course Bundle is now avai" above h1 "Smart Toolsfor the Modern Therapist" color: oklch(84% 0.19 80.46); font-weight: bold color: inherit JSHandle@node @ http://localhost:8400/detect.js?token=e63fafdd-09d8-42ff-89a0-824dd4116c21:4410
[    8396ms] [LOG] %cai-color-palette%c Cyan gradient background color: oklch(84% 0.19 80.46); font-weight: bold color: inherit JSHandle@node @ http://localhost:8400/detect.js?token=e63fafdd-09d8-42ff-89a0-824dd4116c21:4410
[    8396ms] [LOG] %cai-color-palette%c Cyan gradient background color: oklch(84% 0.19 80.46); font-weight: bold color: inherit JSHandle@node @ http://localhost:8400/detect.js?token=e63fafdd-09d8-42ff-89a0-824dd4116c21:4410
[    8396ms] [LOG] %cai-color-palette%c Cyan gradient background color: oklch(84% 0.19 80.46); font-weight: bold color: inherit JSHandle@node @ http://localhost:8400/detect.js?token=e63fafdd-09d8-42ff-89a0-824dd4116c21:4410
[    8396ms] [LOG] %cgpt-thin-border-wide-shadow%c 1px border + 50px shadow blur color: oklch(84% 0.19 80.46); font-weight: bold color: inherit JSHandle@node @ http://localhost:8400/detect.js?token=e63fafdd-09d8-42ff-89a0-824dd4116c21:4410
[    8396ms] [LOG] %cai-color-palette%c Cyan gradient background color: oklch(84% 0.19 80.46); font-weight: bold color: inherit JSHandle@node @ http://localhost:8400/detect.js?token=e63fafdd-09d8-42ff-89a0-824dd4116c21:4410
[    8396ms] [LOG] %cgpt-thin-border-wide-shadow%c 1px border + 50px shadow blur color: oklch(84% 0.19 80.46); font-weight: bold color: inherit JSHandle@node @ http://localhost:8400/detect.js?token=e63fafdd-09d8-42ff-89a0-824dd4116c21:4410
[    8396ms] [LOG] %cgpt-thin-border-wide-shadow%c 1px border + 50px shadow blur color: oklch(84% 0.19 80.46); font-weight: bold color: inherit JSHandle@node @ http://localhost:8400/detect.js?token=e63fafdd-09d8-42ff-89a0-824dd4116c21:4410
[    8396ms] [LOG] %cgpt-thin-border-wide-shadow%c 1px border + 50px shadow blur color: oklch(84% 0.19 80.46); font-weight: bold color: inherit JSHandle@node @ http://localhost:8400/detect.js?token=e63fafdd-09d8-42ff-89a0-824dd4116c21:4410
[    8396ms] [LOG] %cai-color-palette%c Cyan gradient background color: oklch(84% 0.19 80.46); font-weight: bold color: inherit JSHandle@node @ http://localhost:8400/detect.js?token=e63fafdd-09d8-42ff-89a0-824dd4116c21:4410
[    8396ms] [LOG] %cgpt-thin-border-wide-shadow%c 1px border + 50px shadow blur color: oklch(84% 0.19 80.46); font-weight: bold color: inherit JSHandle@node @ http://localhost:8400/detect.js?token=e63fafdd-09d8-42ff-89a0-824dd4116c21:4410
[    8396ms] [LOG] %cai-color-palette%c Cyan gradient background color: oklch(84% 0.19 80.46); font-weight: bold color: inherit JSHandle@node @ http://localhost:8400/detect.js?token=e63fafdd-09d8-42ff-89a0-824dd4116c21:4410
[    8396ms] [LOG] %cai-color-palette%c Cyan gradient background color: oklch(84% 0.19 80.46); font-weight: bold color: inherit JSHandle@node @ http://localhost:8400/detect.js?token=e63fafdd-09d8-42ff-89a0-824dd4116c21:4410
[    8396ms] [LOG] %cai-color-palette%c Cyan gradient background color: oklch(84% 0.19 80.46); font-weight: bold color: inherit JSHandle@node @ http://localhost:8400/detect.js?token=e63fafdd-09d8-42ff-89a0-824dd4116c21:4410
[    8396ms] [LOG] %cai-color-palette%c Cyan gradient background color: oklch(84% 0.19 80.46); font-weight: bold color: inherit JSHandle@node @ http://localhost:8400/detect.js?token=e63fafdd-09d8-42ff-89a0-824dd4116c21:4410
[    8396ms] [LOG] %cai-color-palette%c Cyan gradient background color: oklch(84% 0.19 80.46); font-weight: bold color: inherit JSHandle@node @ http://localhost:8400/detect.js?token=e63fafdd-09d8-42ff-89a0-824dd4116c21:4410
[    8396ms] [LOG] %cai-color-palette%c Cyan gradient background color: oklch(84% 0.19 80.46); font-weight: bold color: inherit JSHandle@node @ http://localhost:8400/detect.js?token=e63fafdd-09d8-42ff-89a0-824dd4116c21:4410
[    8396ms] [LOG] %cai-color-palette%c Cyan gradient background color: oklch(84% 0.19 80.46); font-weight: bold color: inherit JSHandle@node @ http://localhost:8400/detect.js?token=e63fafdd-09d8-42ff-89a0-824dd4116c21:4410
[    8396ms] [LOG] %cai-color-palette%c Cyan gradient background color: oklch(84% 0.19 80.46); font-weight: bold color: inherit JSHandle@node @ http://localhost:8400/detect.js?token=e63fafdd-09d8-42ff-89a0-824dd4116c21:4410
[    8396ms] [LOG] %cai-color-palette%c Cyan gradient background color: oklch(84% 0.19 80.46); font-weight: bold color: inherit JSHandle@node @ http://localhost:8400/detect.js?token=e63fafdd-09d8-42ff-89a0-824dd4116c21:4410
[    8396ms] [LOG] %clow-contrast%c 2.0:1 (need 3:1) — text #0f2c38 on #1b5a7e color: oklch(84% 0.19 80.46); font-weight: bold color: inherit JSHandle@node @ http://localhost:8400/detect.js?token=e63fafdd-09d8-42ff-89a0-824dd4116c21:4410
[    8396ms] [LOG] %clow-contrast%c 2.0:1 (need 4.5:1) — text #0f2c38 on #1b5a7e color: oklch(84% 0.19 80.46); font-weight: bold color: inherit JSHandle@node @ http://localhost:8400/detect.js?token=e63fafdd-09d8-42ff-89a0-824dd4116c21:4410
[    8396ms] [LOG] %cline-length%c ~128 chars/line (aim for <80) color: oklch(84% 0.19 80.46); font-weight: bold color: inherit JSHandle@node @ http://localhost:8400/detect.js?token=e63fafdd-09d8-42ff-89a0-824dd4116c21:4410
[    8396ms] [LOG] %cai-color-palette%c Cyan gradient background color: oklch(84% 0.19 80.46); font-weight: bold color: inherit JSHandle@node @ http://localhost:8400/detect.js?token=e63fafdd-09d8-42ff-89a0-824dd4116c21:4410
[    8396ms] [LOG] %cai-color-palette%c Cyan gradient background color: oklch(84% 0.19 80.46); font-weight: bold color: inherit JSHandle@node @ http://localhost:8400/detect.js?token=e63fafdd-09d8-42ff-89a0-824dd4116c21:4410
[    8396ms] [LOG] %call-caps-body%c text-transform: uppercase on 32 chars of body text color: oklch(84% 0.19 80.46); font-weight: bold color: inherit JSHandle@node @ http://localhost:8400/detect.js?token=e63fafdd-09d8-42ff-89a0-824dd4116c21:4410
[    8396ms] [LOG] %cdark-glow%c Colored glow (#06b6d4) on dark background color: oklch(84% 0.19 80.46); font-weight: bold color: inherit JSHandle@node @ http://localhost:8400/detect.js?token=e63fafdd-09d8-42ff-89a0-824dd4116c21:4410
[    8396ms] [LOG] %cgpt-thin-border-wide-shadow%c 1px border + 30px shadow blur color: oklch(84% 0.19 80.46); font-weight: bold color: inherit JSHandle@node @ http://localhost:8400/detect.js?token=e63fafdd-09d8-42ff-89a0-824dd4116c21:4410
[    8396ms] [LOG] %coverused-font%c Primary font: inter (81% of text) color: oklch(84% 0.19 80.46); font-weight: bold color: inherit JSHandle@node @ http://localhost:8400/detect.js?token=e63fafdd-09d8-42ff-89a0-824dd4116c21:4410
[    8396ms] [LOG] %coverused-font%c Primary font: plus jakarta sans (19% of text) color: oklch(84% 0.19 80.46); font-weight: bold color: inherit JSHandle@node @ http://localhost:8400/detect.js?token=e63fafdd-09d8-42ff-89a0-824dd4116c21:4410
[    8396ms] [LOG] %cgradient-text%c background-clip: text + gradient color: oklch(84% 0.19 80.46); font-weight: bold color: inherit JSHandle@node @ http://localhost:8400/detect.js?token=e63fafdd-09d8-42ff-89a0-824dd4116c21:4410
[    8397ms] [LOG] %cgradient-text%c bg-clip-text + bg-gradient (Tailwind) color: oklch(84% 0.19 80.46); font-weight: bold color: inherit JSHandle@node @ http://localhost:8400/detect.js?token=e63fafdd-09d8-42ff-89a0-824dd4116c21:4410
[    8397ms] [LOG] %cdark-glow%c Colored glow (rgb(14,116,144)) on dark page color: oklch(84% 0.19 80.46); font-weight: bold color: inherit JSHandle@node @ http://localhost:8400/detect.js?token=e63fafdd-09d8-42ff-89a0-824dd4116c21:4410
[    8487ms] [LOG] %cai-color-palette%c Cyan gradient background color: oklch(84% 0.19 80.46); font-weight: bold color: inherit JSHandle@node @ http://localhost:8400/detect.js?token=e63fafdd-09d8-42ff-89a0-824dd4116c21:4410
[    8487ms] [LOG] %cai-color-palette%c Cyan gradient background color: oklch(84% 0.19 80.46); font-weight: bold color: inherit JSHandle@node @ http://localhost:8400/detect.js?token=e63fafdd-09d8-42ff-89a0-824dd4116c21:4410
[    8487ms] [LOG] %call-caps-body%c text-transform: uppercase on 45 chars of body text color: oklch(84% 0.19 80.46); font-weight: bold color: inherit JSHandle@node @ http://localhost:8400/detect.js?token=e63fafdd-09d8-42ff-89a0-824dd4116c21:4410
[    8487ms] [LOG] %chero-eyebrow-chip%c eyebrow chip (accent-bold) "Write it Right Course Bundle is now avai" above h1 "Smart Toolsfor the Modern Therapist" color: oklch(84% 0.19 80.46); font-weight: bold color: inherit JSHandle@node @ http://localhost:8400/detect.js?token=e63fafdd-09d8-42ff-89a0-824dd4116c21:4410
[    8487ms] [LOG] %cai-color-palette%c Cyan gradient background color: oklch(84% 0.19 80.46); font-weight: bold color: inherit JSHandle@node @ http://localhost:8400/detect.js?token=e63fafdd-09d8-42ff-89a0-824dd4116c21:4410
[    8487ms] [LOG] %cai-color-palette%c Cyan gradient background color: oklch(84% 0.19 80.46); font-weight: bold color: inherit JSHandle@node @ http://localhost:8400/detect.js?token=e63fafdd-09d8-42ff-89a0-824dd4116c21:4410
[    8487ms] [LOG] %cai-color-palette%c Cyan gradient background color: oklch(84% 0.19 80.46); font-weight: bold color: inherit JSHandle@node @ http://localhost:8400/detect.js?token=e63fafdd-09d8-42ff-89a0-824dd4116c21:4410
[    8487ms] [LOG] %cgpt-thin-border-wide-shadow%c 1px border + 50px shadow blur color: oklch(84% 0.19 80.46); font-weight: bold color: inherit JSHandle@node @ http://localhost:8400/detect.js?token=e63fafdd-09d8-42ff-89a0-824dd4116c21:4410
[    8487ms] [LOG] %cai-color-palette%c Cyan gradient background color: oklch(84% 0.19 80.46); font-weight: bold color: inherit JSHandle@node @ http://localhost:8400/detect.js?token=e63fafdd-09d8-42ff-89a0-824dd4116c21:4410
[    8487ms] [LOG] %cgpt-thin-border-wide-shadow%c 1px border + 50px shadow blur color: oklch(84% 0.19 80.46); font-weight: bold color: inherit JSHandle@node @ http://localhost:8400/detect.js?token=e63fafdd-09d8-42ff-89a0-824dd4116c21:4410
[    8487ms] [LOG] %cgpt-thin-border-wide-shadow%c 1px border + 50px shadow blur color: oklch(84% 0.19 80.46); font-weight: bold color: inherit JSHandle@node @ http://localhost:8400/detect.js?token=e63fafdd-09d8-42ff-89a0-824dd4116c21:4410
[    8487ms] [LOG] %cgpt-thin-border-wide-shadow%c 1px border + 50px shadow blur color: oklch(84% 0.19 80.46); font-weight: bold color: inherit JSHandle@node @ http://localhost:8400/detect.js?token=e63fafdd-09d8-42ff-89a0-824dd4116c21:4410
[    8487ms] [LOG] %cai-color-palette%c Cyan gradient background color: oklch(84% 0.19 80.46); font-weight: bold color: inherit JSHandle@node @ http://localhost:8400/detect.js?token=e63fafdd-09d8-42ff-89a0-824dd4116c21:4410
[    8487ms] [LOG] %cgpt-thin-border-wide-shadow%c 1px border + 50px shadow blur color: oklch(84% 0.19 80.46); font-weight: bold color: inherit JSHandle@node @ http://localhost:8400/detect.js?token=e63fafdd-09d8-42ff-89a0-824dd4116c21:4410
[    8487ms] [LOG] %cai-color-palette%c Cyan gradient background color: oklch(84% 0.19 80.46); font-weight: bold color: inherit JSHandle@node @ http://localhost:8400/detect.js?token=e63fafdd-09d8-42ff-89a0-824dd4116c21:4410
[    8487ms] [LOG] %cai-color-palette%c Cyan gradient background color: oklch(84% 0.19 80.46); font-weight: bold color: inherit JSHandle@node @ http://localhost:8400/detect.js?token=e63fafdd-09d8-42ff-89a0-824dd4116c21:4410
[    8487ms] [LOG] %cai-color-palette%c Cyan gradient background color: oklch(84% 0.19 80.46); font-weight: bold color: inherit JSHandle@node @ http://localhost:8400/detect.js?token=e63fafdd-09d8-42ff-89a0-824dd4116c21:4410
[    8487ms] [LOG] %cai-color-palette%c Cyan gradient background color: oklch(84% 0.19 80.46); font-weight: bold color: inherit JSHandle@node @ http://localhost:8400/detect.js?token=e63fafdd-09d8-42ff-89a0-824dd4116c21:4410
[    8487ms] [LOG] %cai-color-palette%c Cyan gradient background color: oklch(84% 0.19 80.46); font-weight: bold color: inherit JSHandle@node @ http://localhost:8400/detect.js?token=e63fafdd-09d8-42ff-89a0-824dd4116c21:4410
[    8487ms] [LOG] %cai-color-palette%c Cyan gradient background color: oklch(84% 0.19 80.46); font-weight: bold color: inherit JSHandle@node @ http://localhost:8400/detect.js?token=e63fafdd-09d8-42ff-89a0-824dd4116c21:4410
[    8487ms] [LOG] %cai-color-palette%c Cyan gradient background color: oklch(84% 0.19 80.46); font-weight: bold color: inherit JSHandle@node @ http://localhost:8400/detect.js?token=e63fafdd-09d8-42ff-89a0-824dd4116c21:4410
[    8487ms] [LOG] %cai-color-palette%c Cyan gradient background color: oklch(84% 0.19 80.46); font-weight: bold color: inherit JSHandle@node @ http://localhost:8400/detect.js?token=e63fafdd-09d8-42ff-89a0-824dd4116c21:4410
[    8487ms] [LOG] %cai-color-palette%c Cyan gradient background color: oklch(84% 0.19 80.46); font-weight: bold color: inherit JSHandle@node @ http://localhost:8400/detect.js?token=e63fafdd-09d8-42ff-89a0-824dd4116c21:4410
[    8487ms] [LOG] %clow-contrast%c 2.0:1 (need 3:1) — text #0f2c38 on #1b5a7e color: oklch(84% 0.19 80.46); font-weight: bold color: inherit JSHandle@node @ http://localhost:8400/detect.js?token=e63fafdd-09d8-42ff-89a0-824dd4116c21:4410
[    8487ms] [LOG] %clow-contrast%c 2.0:1 (need 4.5:1) — text #0f2c38 on #1b5a7e color: oklch(84% 0.19 80.46); font-weight: bold color: inherit JSHandle@node @ http://localhost:8400/detect.js?token=e63fafdd-09d8-42ff-89a0-824dd4116c21:4410
[    8487ms] [LOG] %cline-length%c ~128 chars/line (aim for <80) color: oklch(84% 0.19 80.46); font-weight: bold color: inherit JSHandle@node @ http://localhost:8400/detect.js?token=e63fafdd-09d8-42ff-89a0-824dd4116c21:4410
[    8487ms] [LOG] %cai-color-palette%c Cyan gradient background color: oklch(84% 0.19 80.46); font-weight: bold color: inherit JSHandle@node @ http://localhost:8400/detect.js?token=e63fafdd-09d8-42ff-89a0-824dd4116c21:4410
[    8487ms] [LOG] %cai-color-palette%c Cyan gradient background color: oklch(84% 0.19 80.46); font-weight: bold color: inherit JSHandle@node @ http://localhost:8400/detect.js?token=e63fafdd-09d8-42ff-89a0-824dd4116c21:4410
[    8487ms] [LOG] %call-caps-body%c text-transform: uppercase on 32 chars of body text color: oklch(84% 0.19 80.46); font-weight: bold color: inherit JSHandle@node @ http://localhost:8400/detect.js?token=e63fafdd-09d8-42ff-89a0-824dd4116c21:4410
[    8487ms] [LOG] %cdark-glow%c Colored glow (#06b6d4) on dark background color: oklch(84% 0.19 80.46); font-weight: bold color: inherit JSHandle@node @ http://localhost:8400/detect.js?token=e63fafdd-09d8-42ff-89a0-824dd4116c21:4410
[    8487ms] [LOG] %cgpt-thin-border-wide-shadow%c 1px border + 30px shadow blur color: oklch(84% 0.19 80.46); font-weight: bold color: inherit JSHandle@node @ http://localhost:8400/detect.js?token=e63fafdd-09d8-42ff-89a0-824dd4116c21:4410
[    8488ms] [LOG] %coverused-font%c Primary font: inter (81% of text) color: oklch(84% 0.19 80.46); font-weight: bold color: inherit JSHandle@node @ http://localhost:8400/detect.js?token=e63fafdd-09d8-42ff-89a0-824dd4116c21:4410
[    8488ms] [LOG] %coverused-font%c Primary font: plus jakarta sans (19% of text) color: oklch(84% 0.19 80.46); font-weight: bold color: inherit JSHandle@node @ http://localhost:8400/detect.js?token=e63fafdd-09d8-42ff-89a0-824dd4116c21:4410
[    8488ms] [LOG] %cgradient-text%c background-clip: text + gradient color: oklch(84% 0.19 80.46); font-weight: bold color: inherit JSHandle@node @ http://localhost:8400/detect.js?token=e63fafdd-09d8-42ff-89a0-824dd4116c21:4410
[    8488ms] [LOG] %cgradient-text%c bg-clip-text + bg-gradient (Tailwind) color: oklch(84% 0.19 80.46); font-weight: bold color: inherit JSHandle@node @ http://localhost:8400/detect.js?token=e63fafdd-09d8-42ff-89a0-824dd4116c21:4410
[    8488ms] [LOG] %cdark-glow%c Colored glow (rgb(14,116,144)) on dark page color: oklch(84% 0.19 80.46); font-weight: bold color: inherit JSHandle@node @ http://localhost:8400/detect.js?token=e63fafdd-09d8-42ff-89a0-824dd4116c21:4410
[   29052ms] [LOG] %cai-color-palette%c Cyan gradient background color: oklch(84% 0.19 80.46); font-weight: bold color: inherit JSHandle@node @ http://localhost:8400/detect.js?token=e63fafdd-09d8-42ff-89a0-824dd4116c21:4410
[   29052ms] [LOG] %cai-color-palette%c Cyan gradient background color: oklch(84% 0.19 80.46); font-weight: bold color: inherit JSHandle@node @ http://localhost:8400/detect.js?token=e63fafdd-09d8-42ff-89a0-824dd4116c21:4410
[   29052ms] [LOG] %call-caps-body%c text-transform: uppercase on 45 chars of body text color: oklch(84% 0.19 80.46); font-weight: bold color: inherit JSHandle@node @ http://localhost:8400/detect.js?token=e63fafdd-09d8-42ff-89a0-824dd4116c21:4410
[   29052ms] [LOG] %chero-eyebrow-chip%c eyebrow chip (accent-bold) "Write it Right Course Bundle is now avai" above h1 "Smart Toolsfor the Modern Therapist" color: oklch(84% 0.19 80.46); font-weight: bold color: inherit JSHandle@node @ http://localhost:8400/detect.js?token=e63fafdd-09d8-42ff-89a0-824dd4116c21:4410
[   29052ms] [LOG] %cai-color-palette%c Cyan gradient background color: oklch(84% 0.19 80.46); font-weight: bold color: inherit JSHandle@node @ http://localhost:8400/detect.js?token=e63fafdd-09d8-42ff-89a0-824dd4116c21:4410
[   29052ms] [LOG] %cai-color-palette%c Cyan gradient background color: oklch(84% 0.19 80.46); font-weight: bold color: inherit JSHandle@node @ http://localhost:8400/detect.js?token=e63fafdd-09d8-42ff-89a0-824dd4116c21:4410
[   29052ms] [LOG] %cai-color-palette%c Cyan gradient background color: oklch(84% 0.19 80.46); font-weight: bold color: inherit JSHandle@node @ http://localhost:8400/detect.js?token=e63fafdd-09d8-42ff-89a0-824dd4116c21:4410
[   29052ms] [LOG] %cgpt-thin-border-wide-shadow%c 1px border + 50px shadow blur color: oklch(84% 0.19 80.46); font-weight: bold color: inherit JSHandle@node @ http://localhost:8400/detect.js?token=e63fafdd-09d8-42ff-89a0-824dd4116c21:4410
[   29052ms] [LOG] %cai-color-palette%c Cyan gradient background color: oklch(84% 0.19 80.46); font-weight: bold color: inherit JSHandle@node @ http://localhost:8400/detect.js?token=e63fafdd-09d8-42ff-89a0-824dd4116c21:4410
[   29052ms] [LOG] %cgpt-thin-border-wide-shadow%c 1px border + 50px shadow blur color: oklch(84% 0.19 80.46); font-weight: bold color: inherit JSHandle@node @ http://localhost:8400/detect.js?token=e63fafdd-09d8-42ff-89a0-824dd4116c21:4410
[   29052ms] [LOG] %cgpt-thin-border-wide-shadow%c 1px border + 50px shadow blur color: oklch(84% 0.19 80.46); font-weight: bold color: inherit JSHandle@node @ http://localhost:8400/detect.js?token=e63fafdd-09d8-42ff-89a0-824dd4116c21:4410
[   29052ms] [LOG] %cgpt-thin-border-wide-shadow%c 1px border + 50px shadow blur color: oklch(84% 0.19 80.46); font-weight: bold color: inherit JSHandle@node @ http://localhost:8400/detect.js?token=e63fafdd-09d8-42ff-89a0-824dd4116c21:4410
[   29052ms] [LOG] %cai-color-palette%c Cyan gradient background color: oklch(84% 0.19 80.46); font-weight: bold color: inherit JSHandle@node @ http://localhost:8400/detect.js?token=e63fafdd-09d8-42ff-89a0-824dd4116c21:4410
[   29053ms] [LOG] %cgpt-thin-border-wide-shadow%c 1px border + 50px shadow blur color: oklch(84% 0.19 80.46); font-weight: bold color: inherit JSHandle@node @ http://localhost:8400/detect.js?token=e63fafdd-09d8-42ff-89a0-824dd4116c21:4410
[   29053ms] [LOG] %cai-color-palette%c Cyan gradient background color: oklch(84% 0.19 80.46); font-weight: bold color: inherit JSHandle@node @ http://localhost:8400/detect.js?token=e63fafdd-09d8-42ff-89a0-824dd4116c21:4410
[   29053ms] [LOG] %cai-color-palette%c Cyan gradient background color: oklch(84% 0.19 80.46); font-weight: bold color: inherit JSHandle@node @ http://localhost:8400/detect.js?token=e63fafdd-09d8-42ff-89a0-824dd4116c21:4410
[   29053ms] [LOG] %cai-color-palette%c Cyan gradient background color: oklch(84% 0.19 80.46); font-weight: bold color: inherit JSHandle@node @ http://localhost:8400/detect.js?token=e63fafdd-09d8-42ff-89a0-824dd4116c21:4410
[   29053ms] [LOG] %cai-color-palette%c Cyan gradient background color: oklch(84% 0.19 80.46); font-weight: bold color: inherit JSHandle@node @ http://localhost:8400/detect.js?token=e63fafdd-09d8-42ff-89a0-824dd4116c21:4410
[   29053ms] [LOG] %cai-color-palette%c Cyan gradient background color: oklch(84% 0.19 80.46); font-weight: bold color: inherit JSHandle@node @ http://localhost:8400/detect.js?token=e63fafdd-09d8-42ff-89a0-824dd4116c21:4410
[   29053ms] [LOG] %cai-color-palette%c Cyan gradient background color: oklch(84% 0.19 80.46); font-weight: bold color: inherit JSHandle@node @ http://localhost:8400/detect.js?token=e63fafdd-09d8-42ff-89a0-824dd4116c21:4410
[   29053ms] [LOG] %cai-color-palette%c Cyan gradient background color: oklch(84% 0.19 80.46); font-weight: bold color: inherit JSHandle@node @ http://localhost:8400/detect.js?token=e63fafdd-09d8-42ff-89a0-824dd4116c21:4410
[   29053ms] [LOG] %cai-color-palette%c Cyan gradient background color: oklch(84% 0.19 80.46); font-weight: bold color: inherit JSHandle@node @ http://localhost:8400/detect.js?token=e63fafdd-09d8-42ff-89a0-824dd4116c21:4410
[   29053ms] [LOG] %cai-color-palette%c Cyan gradient background color: oklch(84% 0.19 80.46); font-weight: bold color: inherit JSHandle@node @ http://localhost:8400/detect.js?token=e63fafdd-09d8-42ff-89a0-824dd4116c21:4410
[   29053ms] [LOG] %clow-contrast%c 2.0:1 (need 3:1) — text #0f2c38 on #1b5a7e color: oklch(84% 0.19 80.46); font-weight: bold color: inherit JSHandle@node @ http://localhost:8400/detect.js?token=e63fafdd-09d8-42ff-89a0-824dd4116c21:4410
[   29053ms] [LOG] %clow-contrast%c 2.0:1 (need 4.5:1) — text #0f2c38 on #1b5a7e color: oklch(84% 0.19 80.46); font-weight: bold color: inherit JSHandle@node @ http://localhost:8400/detect.js?token=e63fafdd-09d8-42ff-89a0-824dd4116c21:4410
[   29053ms] [LOG] %cline-length%c ~128 chars/line (aim for <80) color: oklch(84% 0.19 80.46); font-weight: bold color: inherit JSHandle@node @ http://localhost:8400/detect.js?token=e63fafdd-09d8-42ff-89a0-824dd4116c21:4410
[   29053ms] [LOG] %cai-color-palette%c Cyan gradient background color: oklch(84% 0.19 80.46); font-weight: bold color: inherit JSHandle@node @ http://localhost:8400/detect.js?token=e63fafdd-09d8-42ff-89a0-824dd4116c21:4410
[   29053ms] [LOG] %cai-color-palette%c Cyan gradient background color: oklch(84% 0.19 80.46); font-weight: bold color: inherit JSHandle@node @ http://localhost:8400/detect.js?token=e63fafdd-09d8-42ff-89a0-824dd4116c21:4410
[   29053ms] [LOG] %call-caps-body%c text-transform: uppercase on 32 chars of body text color: oklch(84% 0.19 80.46); font-weight: bold color: inherit JSHandle@node @ http://localhost:8400/detect.js?token=e63fafdd-09d8-42ff-89a0-824dd4116c21:4410
[   29053ms] [LOG] %cdark-glow%c Colored glow (#06b6d4) on dark background color: oklch(84% 0.19 80.46); font-weight: bold color: inherit JSHandle@node @ http://localhost:8400/detect.js?token=e63fafdd-09d8-42ff-89a0-824dd4116c21:4410
[   29053ms] [LOG] %cgpt-thin-border-wide-shadow%c 1px border + 30px shadow blur color: oklch(84% 0.19 80.46); font-weight: bold color: inherit JSHandle@node @ http://localhost:8400/detect.js?token=e63fafdd-09d8-42ff-89a0-824dd4116c21:4410
[   29053ms] [LOG] %coverused-font%c Primary font: inter (81% of text) color: oklch(84% 0.19 80.46); font-weight: bold color: inherit JSHandle@node @ http://localhost:8400/detect.js?token=e63fafdd-09d8-42ff-89a0-824dd4116c21:4410
[   29053ms] [LOG] %coverused-font%c Primary font: plus jakarta sans (19% of text) color: oklch(84% 0.19 80.46); font-weight: bold color: inherit JSHandle@node @ http://localhost:8400/detect.js?token=e63fafdd-09d8-42ff-89a0-824dd4116c21:4410
[   29053ms] [LOG] %cgradient-text%c background-clip: text + gradient color: oklch(84% 0.19 80.46); font-weight: bold color: inherit JSHandle@node @ http://localhost:8400/detect.js?token=e63fafdd-09d8-42ff-89a0-824dd4116c21:4410
[   29053ms] [LOG] %cgradient-text%c bg-clip-text + bg-gradient (Tailwind) color: oklch(84% 0.19 80.46); font-weight: bold color: inherit JSHandle@node @ http://localhost:8400/detect.js?token=e63fafdd-09d8-42ff-89a0-824dd4116c21:4410
[   29053ms] [LOG] %cdark-glow%c Colored glow (rgb(14,116,144)) on dark page color: oklch(84% 0.19 80.46); font-weight: bold color: inherit JSHandle@node @ http://localhost:8400/detect.js?token=e63fafdd-09d8-42ff-89a0-824dd4116c21:4410
[   63918ms] [LOG] %cai-color-palette%c Cyan gradient background color: oklch(84% 0.19 80.46); font-weight: bold color: inherit JSHandle@node @ http://localhost:8400/detect.js?token=e63fafdd-09d8-42ff-89a0-824dd4116c21:4410
[   63918ms] [LOG] %cai-color-palette%c Cyan gradient background color: oklch(84% 0.19 80.46); font-weight: bold color: inherit JSHandle@node @ http://localhost:8400/detect.js?token=e63fafdd-09d8-42ff-89a0-824dd4116c21:4410
[   63918ms] [LOG] %call-caps-body%c text-transform: uppercase on 45 chars of body text color: oklch(84% 0.19 80.46); font-weight: bold color: inherit JSHandle@node @ http://localhost:8400/detect.js?token=e63fafdd-09d8-42ff-89a0-824dd4116c21:4410
[   63918ms] [LOG] %chero-eyebrow-chip%c eyebrow chip (accent-bold) "Write it Right Course Bundle is now avai" above h1 "Smart Toolsfor the Modern Therapist" color: oklch(84% 0.19 80.46); font-weight: bold color: inherit JSHandle@node @ http://localhost:8400/detect.js?token=e63fafdd-09d8-42ff-89a0-824dd4116c21:4410
[   63918ms] [LOG] %cai-color-palette%c Cyan gradient background color: oklch(84% 0.19 80.46); font-weight: bold color: inherit JSHandle@node @ http://localhost:8400/detect.js?token=e63fafdd-09d8-42ff-89a0-824dd4116c21:4410
[   63918ms] [LOG] %cai-color-palette%c Cyan gradient background color: oklch(84% 0.19 80.46); font-weight: bold color: inherit JSHandle@node @ http://localhost:8400/detect.js?token=e63fafdd-09d8-42ff-89a0-824dd4116c21:4410
[   63918ms] [LOG] %cai-color-palette%c Cyan gradient background color: oklch(84% 0.19 80.46); font-weight: bold color: inherit JSHandle@node @ http://localhost:8400/detect.js?token=e63fafdd-09d8-42ff-89a0-824dd4116c21:4410
[   63918ms] [LOG] %cgpt-thin-border-wide-shadow%c 1px border + 50px shadow blur color: oklch(84% 0.19 80.46); font-weight: bold color: inherit JSHandle@node @ http://localhost:8400/detect.js?token=e63fafdd-09d8-42ff-89a0-824dd4116c21:4410
[   63918ms] [LOG] %cai-color-palette%c Cyan gradient background color: oklch(84% 0.19 80.46); font-weight: bold color: inherit JSHandle@node @ http://localhost:8400/detect.js?token=e63fafdd-09d8-42ff-89a0-824dd4116c21:4410
[   63918ms] [LOG] %cgpt-thin-border-wide-shadow%c 1px border + 50px shadow blur color: oklch(84% 0.19 80.46); font-weight: bold color: inherit JSHandle@node @ http://localhost:8400/detect.js?token=e63fafdd-09d8-42ff-89a0-824dd4116c21:4410
[   63918ms] [LOG] %cgpt-thin-border-wide-shadow%c 1px border + 50px shadow blur color: oklch(84% 0.19 80.46); font-weight: bold color: inherit JSHandle@node @ http://localhost:8400/detect.js?token=e63fafdd-09d8-42ff-89a0-824dd4116c21:4410
[   63919ms] [LOG] %cgpt-thin-border-wide-shadow%c 1px border + 50px shadow blur color: oklch(84% 0.19 80.46); font-weight: bold color: inherit JSHandle@node @ http://localhost:8400/detect.js?token=e63fafdd-09d8-42ff-89a0-824dd4116c21:4410
[   63919ms] [LOG] %cai-color-palette%c Cyan gradient background color: oklch(84% 0.19 80.46); font-weight: bold color: inherit JSHandle@node @ http://localhost:8400/detect.js?token=e63fafdd-09d8-42ff-89a0-824dd4116c21:4410
[   63919ms] [LOG] %cgpt-thin-border-wide-shadow%c 1px border + 50px shadow blur color: oklch(84% 0.19 80.46); font-weight: bold color: inherit JSHandle@node @ http://localhost:8400/detect.js?token=e63fafdd-09d8-42ff-89a0-824dd4116c21:4410
[   63919ms] [LOG] %cai-color-palette%c Cyan gradient background color: oklch(84% 0.19 80.46); font-weight: bold color: inherit JSHandle@node @ http://localhost:8400/detect.js?token=e63fafdd-09d8-42ff-89a0-824dd4116c21:4410
[   63919ms] [LOG] %cai-color-palette%c Cyan gradient background color: oklch(84% 0.19 80.46); font-weight: bold color: inherit JSHandle@node @ http://localhost:8400/detect.js?token=e63fafdd-09d8-42ff-89a0-824dd4116c21:4410
[   63919ms] [LOG] %cai-color-palette%c Cyan gradient background color: oklch(84% 0.19 80.46); font-weight: bold color: inherit JSHandle@node @ http://localhost:8400/detect.js?token=e63fafdd-09d8-42ff-89a0-824dd4116c21:4410
[   63919ms] [LOG] %cai-color-palette%c Cyan gradient background color: oklch(84% 0.19 80.46); font-weight: bold color: inherit JSHandle@node @ http://localhost:8400/detect.js?token=e63fafdd-09d8-42ff-89a0-824dd4116c21:4410
[   63919ms] [LOG] %cai-color-palette%c Cyan gradient background color: oklch(84% 0.19 80.46); font-weight: bold color: inherit JSHandle@node @ http://localhost:8400/detect.js?token=e63fafdd-09d8-42ff-89a0-824dd4116c21:4410
[   63919ms] [LOG] %cai-color-palette%c Cyan gradient background color: oklch(84% 0.19 80.46); font-weight: bold color: inherit JSHandle@node @ http://localhost:8400/detect.js?token=e63fafdd-09d8-42ff-89a0-824dd4116c21:4410
[   63919ms] [LOG] %cai-color-palette%c Cyan gradient background color: oklch(84% 0.19 80.46); font-weight: bold color: inherit JSHandle@node @ http://localhost:8400/detect.js?token=e63fafdd-09d8-42ff-89a0-824dd4116c21:4410
[   63919ms] [LOG] %cai-color-palette%c Cyan gradient background color: oklch(84% 0.19 80.46); font-weight: bold color: inherit JSHandle@node @ http://localhost:8400/detect.js?token=e63fafdd-09d8-42ff-89a0-824dd4116c21:4410
[   63919ms] [LOG] %cai-color-palette%c Cyan gradient background color: oklch(84% 0.19 80.46); font-weight: bold color: inherit JSHandle@node @ http://localhost:8400/detect.js?token=e63fafdd-09d8-42ff-89a0-824dd4116c21:4410
[   63919ms] [LOG] %clow-contrast%c 2.0:1 (need 3:1) — text #0f2c38 on #1b5a7e color: oklch(84% 0.19 80.46); font-weight: bold color: inherit JSHandle@node @ http://localhost:8400/detect.js?token=e63fafdd-09d8-42ff-89a0-824dd4116c21:4410
[   63919ms] [LOG] %clow-contrast%c 2.0:1 (need 4.5:1) — text #0f2c38 on #1b5a7e color: oklch(84% 0.19 80.46); font-weight: bold color: inherit JSHandle@node @ http://localhost:8400/detect.js?token=e63fafdd-09d8-42ff-89a0-824dd4116c21:4410
[   63919ms] [LOG] %cline-length%c ~128 chars/line (aim for <80) color: oklch(84% 0.19 80.46); font-weight: bold color: inherit JSHandle@node @ http://localhost:8400/detect.js?token=e63fafdd-09d8-42ff-89a0-824dd4116c21:4410
[   63919ms] [LOG] %cai-color-palette%c Cyan gradient background color: oklch(84% 0.19 80.46); font-weight: bold color: inherit JSHandle@node @ http://localhost:8400/detect.js?token=e63fafdd-09d8-42ff-89a0-824dd4116c21:4410
[   63919ms] [LOG] %cai-color-palette%c Cyan gradient background color: oklch(84% 0.19 80.46); font-weight: bold color: inherit JSHandle@node @ http://localhost:8400/detect.js?token=e63fafdd-09d8-42ff-89a0-824dd4116c21:4410
[   63919ms] [LOG] %call-caps-body%c text-transform: uppercase on 32 chars of body text color: oklch(84% 0.19 80.46); font-weight: bold color: inherit JSHandle@node @ http://localhost:8400/detect.js?token=e63fafdd-09d8-42ff-89a0-824dd4116c21:4410
[   63919ms] [LOG] %cdark-glow%c Colored glow (#06b6d4) on dark background color: oklch(84% 0.19 80.46); font-weight: bold color: inherit JSHandle@node @ http://localhost:8400/detect.js?token=e63fafdd-09d8-42ff-89a0-824dd4116c21:4410
[   63919ms] [LOG] %cgpt-thin-border-wide-shadow%c 1px border + 30px shadow blur color: oklch(84% 0.19 80.46); font-weight: bold color: inherit JSHandle@node @ http://localhost:8400/detect.js?token=e63fafdd-09d8-42ff-89a0-824dd4116c21:4410
[   63919ms] [LOG] %coverused-font%c Primary font: inter (81% of text) color: oklch(84% 0.19 80.46); font-weight: bold color: inherit JSHandle@node @ http://localhost:8400/detect.js?token=e63fafdd-09d8-42ff-89a0-824dd4116c21:4410
[   63919ms] [LOG] %coverused-font%c Primary font: plus jakarta sans (19% of text) color: oklch(84% 0.19 80.46); font-weight: bold color: inherit JSHandle@node @ http://localhost:8400/detect.js?token=e63fafdd-09d8-42ff-89a0-824dd4116c21:4410
[   63919ms] [LOG] %cgradient-text%c background-clip: text + gradient color: oklch(84% 0.19 80.46); font-weight: bold color: inherit JSHandle@node @ http://localhost:8400/detect.js?token=e63fafdd-09d8-42ff-89a0-824dd4116c21:4410
[   63919ms] [LOG] %cgradient-text%c bg-clip-text + bg-gradient (Tailwind) color: oklch(84% 0.19 80.46); font-weight: bold color: inherit JSHandle@node @ http://localhost:8400/detect.js?token=e63fafdd-09d8-42ff-89a0-824dd4116c21:4410
[   63919ms] [LOG] %cdark-glow%c Colored glow (rgb(14,116,144)) on dark page color: oklch(84% 0.19 80.46); font-weight: bold color: inherit JSHandle@node @ http://localhost:8400/detect.js?token=e63fafdd-09d8-42ff-89a0-824dd4116c21:4410
